// Vitest Snapshot v1, https://vitest.dev/guide/snapshot.html

exports[`PageTemplate > should match with snapshot 1`] = `
<main
  aria-label="page"
  class="w-screen h-dvh flex justify-center items-center"
>
  <section
    aria-label="page-body"
    class="w-full h-full max-w-[100dvh] max-h-[100vw] aspect-square"
  >
    <div>
      Aggie Koishi
    </div>
  </section>
  <section
    class="fixed left-0 top-0 w-full flex flex-col justify-center items-center py-8"
  >
    <nav>
      <ul
        class="flex flex-row gap-4"
      >
        <li>
          <a
            data-discover="true"
            href="/"
          >
            Game
          </a>
        </li>
        <li>
          <a
            data-discover="true"
            href="/replay"
          >
            Replay
          </a>
        </li>
      </ul>
    </nav>
  </section>
</main>
`;
